There are 4 objects in myarray.
value1
value2
value3
value4
