/*
 * Here's a split up multi-line comment.
 * This is indented text.
 * indent in a macro
 * indent in a macro
 * and the last line.
 */
