4
four = tangerine
one = apple
three = pear
two = orange
