This test generates a macro.
This is the macro content.
And that was the macro.
