	This should display.
	This should display.
	This should display.
