# This looks like a shell script
The first line should not be ignored.
