<html>
<head><title>My Title</title></head>
<body>
<h1>My Title</h1>
<hr>
This is the body of my HTML
</body>
</html>
