value
apple
pear
banana
pineapple
orange
strawberry
