This variable should be undefined: ""
template_library: "LibTPT"
