This test will include another template file.
This line is from an include file.
How about that?
