This test contains a variable.

var = this is the value of var
