<html>
<head><title>My Page</title></head>
<body>

<h1>Title</h1>

