This test also includes a file.
var2 = The red fox runs through the plain and jumps over the fence.
But this include should have used a variable.
