!0=1
!1=0
10==10=1
10!=10=0
10<100=1
10>100=0
10<=100=1

